// Jest Snapshot v1, https://goo.gl/fbAQLP

exports[`PermitPost Integrations First Time User. Complex Swap. PP Sign-Per-Swap. Max Approve Permit2 1`] = `
Object {
  "calldataByteLength": 68,
  "gasUsed": 60311,
}
`;

exports[`PermitPost Integrations First Time User. Complex Swap. SwapRouter02. Max Approve SwapRouter02 1`] = `
Object {
  "calldataByteLength": 68,
  "gasUsed": 60311,
}
`;

exports[`PermitPost Integrations First Time User. Simple Swap. PP Sign-Per-Swap. Max Approve Permit2 1`] = `
Object {
  "calldataByteLength": 68,
  "gasUsed": 60311,
}
`;

exports[`PermitPost Integrations First Time User. Simple Swap. PP Sign-Per-Swap. Swap Narwhal 1`] = `
Object {
  "calldataByteLength": 1284,
  "gasUsed": 250051,
}
`;

exports[`PermitPost Integrations First Time User. Simple Swap. SwapRouter02. Max Approve SwapRouter02 1`] = `
Object {
  "calldataByteLength": 68,
  "gasUsed": 60311,
}
`;

exports[`PermitPost Integrations First Time User. Simple Swap. SwapRouter02. Swap SwapRouter02 1`] = `
Object {
  "calldataByteLength": 452,
  "gasUsed": 198462,
}
`;

exports[`PermitPost Integrations gas: permit post, uniswap v2 single hop 1`] = `
Object {
  "calldataByteLength": 1252,
  "gasUsed": 139827,
}
`;
