// Jest Snapshot v1, https://goo.gl/fbAQLP

exports[`Seaport gas fulfillAdvancedOrder 1`] = `
Object {
  "calldataByteLength": 2084,
  "gasUsed": 208868,
}
`;

exports[`Seaport gas fulfillAvailableAdvancedOrders 1 orders 1`] = `
Object {
  "calldataByteLength": 4740,
  "gasUsed": 347665,
}
`;

exports[`Seaport gas fulfillOrder 1`] = `
Object {
  "calldataByteLength": 1828,
  "gasUsed": 202094,
}
`;
