// Jest Snapshot v1, https://goo.gl/fbAQLP

exports[`Uniswap V2 and V3 Tests: Trade on UniswapV2 with Router02. gas: one trade, one hop, exactIn 1`] = `"121407"`;

exports[`Uniswap V2 and V3 Tests: Trade on UniswapV2 with Router02. gas: one trade, one hop, exactIn ETH 1`] = `"124889"`;

exports[`Uniswap V2 and V3 Tests: Trade on UniswapV2 with Router02. gas: one trade, one hop, exactOut 1`] = `"122001"`;

exports[`Uniswap V2 and V3 Tests: Trade on UniswapV2 with Router02. gas: one trade, one hop, exactOut ETH 1`] = `"122933"`;

exports[`Uniswap V2 and V3 Tests: Trade on UniswapV2 with Router02. gas: one trade, two hops, exactIn 1`] = `"193278"`;

exports[`Uniswap V2 and V3 Tests: Trade on UniswapV2 with Router02. gas: six trades (all same), one hop, exactIn 1`] = `"290113"`;

exports[`Uniswap V2 and V3 Tests: Trade on UniswapV2 with Weiroll. gas: one trade, one hop, exactIn 1`] = `"115756"`;

exports[`Uniswap V2 and V3 Tests: Trade on UniswapV2 with Weiroll. gas: one trade, one hop, exactIn ETH 1`] = `"118435"`;

exports[`Uniswap V2 and V3 Tests: Trade on UniswapV2 with Weiroll. gas: one trade, one hop, exactOut 1`] = `"110128"`;

exports[`Uniswap V2 and V3 Tests: Trade on UniswapV2 with Weiroll. gas: one trade, one hop, exactOut ETH 1`] = `"142142"`;

exports[`Uniswap V2 and V3 Tests: Trade on UniswapV2 with Weiroll. gas: one trade, two hops, exactIn 1`] = `"187907"`;

exports[`Uniswap V2 and V3 Tests: Trade on UniswapV2 with Weiroll. gas: six trades (all same), one hop, exactIn 1`] = `"287531"`;

exports[`Uniswap V2 and V3 Tests: Trade on UniswapV3 with Router02. gas: one trade, one hop, exactIn 1`] = `"104733"`;

exports[`Uniswap V2 and V3 Tests: Trade on UniswapV3 with Router02. gas: six trades (all same), one hop, exactIn 1`] = `"312749"`;

exports[`Uniswap V2 and V3 Tests: Trade on UniswapV3 with Weiroll. gas: one trade, one hop, exactIn 1`] = `"106693"`;

exports[`Uniswap V2 and V3 Tests: Trade on UniswapV3 with Weiroll. gas: six trades (all same), one hop, exactIn 1`] = `"292347"`;

exports[`Uniswap V2 and V3 Tests: bytecode size 1`] = `9263`;
