// Jest Snapshot v1, https://goo.gl/fbAQLP

exports[`V2SwapRouter #trade uniswap v2 with Router02 gas: one trade, one hop, exactIn 1`] = `"121359"`;

exports[`V2SwapRouter #trade uniswap v2 with Router02 gas: six trades (all same), one hop, exactIn 1`] = `"290065"`;

exports[`V2SwapRouter #trade uniswap v2 with Weiroll gas: one trade, one hop, exactIn 1`] = `"115830"`;

exports[`V2SwapRouter #trade uniswap v2 with Weiroll gas: one trade, one hop, exactOut 1`] = `"112333"`;

exports[`V2SwapRouter #trade uniswap v2 with Weiroll gas: six trades (all same), one hop, exactIn 1`] = `"288140"`;

exports[`V2SwapRouter bytecode size 1`] = `8945`;
