// Jest Snapshot v1, https://goo.gl/fbAQLP

exports[`Uniswap V2 and V3 Tests: Trade on UniswapV2 with Router02. gas: one trade, one hop, exactIn 1`] = `"121407"`;

exports[`Uniswap V2 and V3 Tests: Trade on UniswapV2 with Router02. gas: one trade, one hop, exactIn ETH 1`] = `"124889"`;

exports[`Uniswap V2 and V3 Tests: Trade on UniswapV2 with Router02. gas: one trade, one hop, exactOut 1`] = `"122001"`;

exports[`Uniswap V2 and V3 Tests: Trade on UniswapV2 with Router02. gas: one trade, one hop, exactOut ETH 1`] = `"122933"`;

exports[`Uniswap V2 and V3 Tests: Trade on UniswapV2 with Router02. gas: one trade, two hops, exactIn 1`] = `"193278"`;

exports[`Uniswap V2 and V3 Tests: Trade on UniswapV2 with Router02. gas: six trades (all same), one hop, exactIn 1`] = `"290113"`;

exports[`Uniswap V2 and V3 Tests: Trade on UniswapV2 with Weiroll. gas: one trade, one hop, exactIn 1`] = `"113165"`;

exports[`Uniswap V2 and V3 Tests: Trade on UniswapV2 with Weiroll. gas: one trade, one hop, exactIn ETH 1`] = `"116673"`;

exports[`Uniswap V2 and V3 Tests: Trade on UniswapV2 with Weiroll. gas: one trade, one hop, exactOut 1`] = `"109457"`;

exports[`Uniswap V2 and V3 Tests: Trade on UniswapV2 with Weiroll. gas: one trade, one hop, exactOut ETH 1`] = `"139683"`;

exports[`Uniswap V2 and V3 Tests: Trade on UniswapV2 with Weiroll. gas: one trade, two hops, exactIn 1`] = `"185291"`;

exports[`Uniswap V2 and V3 Tests: Trade on UniswapV2 with Weiroll. gas: six trades (all same), one hop, exactIn 1`] = `"278406"`;

exports[`Uniswap V2 and V3 Tests: Trade on UniswapV3 with Router02. gas: one trade, one hop, exactIn 1`] = `"104733"`;

exports[`Uniswap V2 and V3 Tests: Trade on UniswapV3 with Router02. gas: one trade, one hop, exactOut 1`] = `"114904"`;

exports[`Uniswap V2 and V3 Tests: Trade on UniswapV3 with Router02. gas: six trades (all same), one hop, exactIn 1`] = `"312749"`;

exports[`Uniswap V2 and V3 Tests: Trade on UniswapV3 with Weiroll. gas: one trade, one hop, exactIn 1`] = `"106223"`;

exports[`Uniswap V2 and V3 Tests: Trade on UniswapV3 with Weiroll. gas: one trade, one hop, exactOut 1`] = `"116289"`;

exports[`Uniswap V2 and V3 Tests: Trade on UniswapV3 with Weiroll. gas: six trades (all same), one hop, exactIn 1`] = `"289527"`;
