// Jest Snapshot v1, https://goo.gl/fbAQLP

exports[`Uniswap V2 and V3 Tests: Mixing V2 and V3 with Router02. gas: V2, then V3 1`] = `"214826"`;

exports[`Uniswap V2 and V3 Tests: Mixing V2 and V3 with Router02. gas: V3, then V2 1`] = `"218356"`;

exports[`Uniswap V2 and V3 Tests: Mixing V2 and V3 with Weiroll. gas: V2, then V3 1`] = `"209273"`;

exports[`Uniswap V2 and V3 Tests: Mixing V2 and V3 with Weiroll. gas: V3, then V2 1`] = `"195554"`;

exports[`Uniswap V2 and V3 Tests: Mixing V2 and V3 with Weiroll. gas: split V2 and V3, one hop 1`] = `"312671"`;

exports[`Uniswap V2 and V3 Tests: Trade on UniswapV2 with Router02. gas: exactIn ETH, one trade, one hop 1`] = `"124889"`;

exports[`Uniswap V2 and V3 Tests: Trade on UniswapV2 with Router02. gas: exactIn, one trade, one hop 1`] = `"121407"`;

exports[`Uniswap V2 and V3 Tests: Trade on UniswapV2 with Router02. gas: exactIn, one trade, two hops 1`] = `"193278"`;

exports[`Uniswap V2 and V3 Tests: Trade on UniswapV2 with Router02. gas: exactOut ETH, one trade, one hop 1`] = `"122933"`;

exports[`Uniswap V2 and V3 Tests: Trade on UniswapV2 with Router02. gas: exactOut, one trade, one hop 1`] = `"122001"`;

exports[`Uniswap V2 and V3 Tests: Trade on UniswapV2 with Weiroll. gas: exactIn ETH, one trade, one hop 1`] = `"117635"`;

exports[`Uniswap V2 and V3 Tests: Trade on UniswapV2 with Weiroll. gas: exactIn, one trade, one hop 1`] = `"114093"`;

exports[`Uniswap V2 and V3 Tests: Trade on UniswapV2 with Weiroll. gas: exactIn, one trade, three hops 1`] = `"255031"`;

exports[`Uniswap V2 and V3 Tests: Trade on UniswapV2 with Weiroll. gas: exactIn, one trade, two hops 1`] = `"186242"`;

exports[`Uniswap V2 and V3 Tests: Trade on UniswapV2 with Weiroll. gas: exactOut ETH, one trade, one hop 1`] = `"140805"`;

exports[`Uniswap V2 and V3 Tests: Trade on UniswapV2 with Weiroll. gas: exactOut, one trade, one hop 1`] = `"110242"`;

exports[`Uniswap V2 and V3 Tests: Trade on UniswapV2 with Weiroll. gas: exactOut, one trade, three hops 1`] = `"256993"`;

exports[`Uniswap V2 and V3 Tests: Trade on UniswapV2 with Weiroll. gas: exactOut, one trade, two hops 1`] = `"185333"`;

exports[`Uniswap V2 and V3 Tests: Trade on UniswapV3 with Router02. gas: exactIn, one trade, one hop 1`] = `"104733"`;

exports[`Uniswap V2 and V3 Tests: Trade on UniswapV3 with Router02. gas: exactIn, one trade, three hops 1`] = `"284015"`;

exports[`Uniswap V2 and V3 Tests: Trade on UniswapV3 with Router02. gas: exactIn, one trade, two hops 1`] = `"196837"`;

exports[`Uniswap V2 and V3 Tests: Trade on UniswapV3 with Router02. gas: exactOut, one trade, one hop 1`] = `"114904"`;

exports[`Uniswap V2 and V3 Tests: Trade on UniswapV3 with Router02. gas: exactOut, one trade, three hops 1`] = `"423372"`;

exports[`Uniswap V2 and V3 Tests: Trade on UniswapV3 with Router02. gas: exactOut, one trade, two hops 1`] = `"313985"`;

exports[`Uniswap V2 and V3 Tests: Trade on UniswapV3 with Weiroll. gas: exactIn, one trade, one hop 1`] = `"107018"`;

exports[`Uniswap V2 and V3 Tests: Trade on UniswapV3 with Weiroll. gas: exactIn, one trade, three hops 1`] = `"260695"`;

exports[`Uniswap V2 and V3 Tests: Trade on UniswapV3 with Weiroll. gas: exactIn, one trade, two hops 1`] = `"182892"`;

exports[`Uniswap V2 and V3 Tests: Trade on UniswapV3 with Weiroll. gas: exactOut, one trade, one hop 1`] = `"117090"`;

exports[`Uniswap V2 and V3 Tests: Trade on UniswapV3 with Weiroll. gas: exactOut, one trade, three hops 1`] = `"421509"`;

exports[`Uniswap V2 and V3 Tests: Trade on UniswapV3 with Weiroll. gas: exactOut, one trade, two hops 1`] = `"314287"`;
