// Jest Snapshot v1, https://goo.gl/fbAQLP

exports[`Uniswap V2 and V3 Tests: Mixing V2 and V3 with Router02. gas: V2, then V3 1`] = `"214826"`;

exports[`Uniswap V2 and V3 Tests: Mixing V2 and V3 with Router02. gas: V3, then V2 1`] = `"218356"`;

exports[`Uniswap V2 and V3 Tests: Mixing V2 and V3 with Weiroll. gas: V2, then V3 1`] = `"208426"`;

exports[`Uniswap V2 and V3 Tests: Mixing V2 and V3 with Weiroll. gas: V3, then V2 1`] = `"194954"`;

exports[`Uniswap V2 and V3 Tests: Mixing V2 and V3 with Weiroll. gas: split V2 and V3, one hop 1`] = `"311824"`;

exports[`Uniswap V2 and V3 Tests: Trade on UniswapV2 with Router02. gas: exactIn ETH, one trade, one hop 1`] = `"124889"`;

exports[`Uniswap V2 and V3 Tests: Trade on UniswapV2 with Router02. gas: exactIn, one trade, one hop 1`] = `"121407"`;

exports[`Uniswap V2 and V3 Tests: Trade on UniswapV2 with Router02. gas: exactIn, one trade, two hops 1`] = `"193278"`;

exports[`Uniswap V2 and V3 Tests: Trade on UniswapV2 with Router02. gas: exactOut ETH, one trade, one hop 1`] = `"122933"`;

exports[`Uniswap V2 and V3 Tests: Trade on UniswapV2 with Router02. gas: exactOut, one trade, one hop 1`] = `"122001"`;

exports[`Uniswap V2 and V3 Tests: Trade on UniswapV2 with Weiroll. gas: exactIn ETH, one trade, one hop 1`] = `"117132"`;

exports[`Uniswap V2 and V3 Tests: Trade on UniswapV2 with Weiroll. gas: exactIn, one trade, one hop 1`] = `"113612"`;

exports[`Uniswap V2 and V3 Tests: Trade on UniswapV2 with Weiroll. gas: exactIn, one trade, three hops 1`] = `"253077"`;

exports[`Uniswap V2 and V3 Tests: Trade on UniswapV2 with Weiroll. gas: exactIn, one trade, two hops 1`] = `"185026"`;

exports[`Uniswap V2 and V3 Tests: Trade on UniswapV2 with Weiroll. gas: exactOut ETH, one trade, one hop 1`] = `"139888"`;

exports[`Uniswap V2 and V3 Tests: Trade on UniswapV2 with Weiroll. gas: exactOut, one trade, one hop 1`] = `"109872"`;

exports[`Uniswap V2 and V3 Tests: Trade on UniswapV2 with Weiroll. gas: exactOut, one trade, three hops 1`] = `"255018"`;

exports[`Uniswap V2 and V3 Tests: Trade on UniswapV2 with Weiroll. gas: exactOut, one trade, two hops 1`] = `"184163"`;

exports[`Uniswap V2 and V3 Tests: Trade on UniswapV3 with Router02. gas: exactIn, one trade, one hop 1`] = `"104733"`;

exports[`Uniswap V2 and V3 Tests: Trade on UniswapV3 with Router02. gas: exactIn, one trade, three hops 1`] = `"284015"`;

exports[`Uniswap V2 and V3 Tests: Trade on UniswapV3 with Router02. gas: exactIn, one trade, two hops 1`] = `"196837"`;

exports[`Uniswap V2 and V3 Tests: Trade on UniswapV3 with Router02. gas: exactOut, one trade, one hop 1`] = `"114904"`;

exports[`Uniswap V2 and V3 Tests: Trade on UniswapV3 with Router02. gas: exactOut, one trade, three hops 1`] = `"423372"`;

exports[`Uniswap V2 and V3 Tests: Trade on UniswapV3 with Router02. gas: exactOut, one trade, two hops 1`] = `"313985"`;

exports[`Uniswap V2 and V3 Tests: Trade on UniswapV3 with Weiroll. gas: exactIn, one trade, one hop 1`] = `"106607"`;

exports[`Uniswap V2 and V3 Tests: Trade on UniswapV3 with Weiroll. gas: exactIn, one trade, three hops 1`] = `"260217"`;

exports[`Uniswap V2 and V3 Tests: Trade on UniswapV3 with Weiroll. gas: exactIn, one trade, two hops 1`] = `"182448"`;

exports[`Uniswap V2 and V3 Tests: Trade on UniswapV3 with Weiroll. gas: exactOut, one trade, one hop 1`] = `"116673"`;

exports[`Uniswap V2 and V3 Tests: Trade on UniswapV3 with Weiroll. gas: exactOut, one trade, three hops 1`] = `"421026"`;

exports[`Uniswap V2 and V3 Tests: Trade on UniswapV3 with Weiroll. gas: exactOut, one trade, two hops 1`] = `"313837"`;
