// Jest Snapshot v1, https://goo.gl/fbAQLP

exports[`Check Ownership Gas gas: checks ownership after a seaport trade, one NFT 1`] = `
Object {
  "calldataByteLength": 2212,
  "gasUsed": 206085,
}
`;

exports[`Check Ownership Gas gas: checks ownership after a seaport trade, two NFTs 1`] = `
Object {
  "calldataByteLength": 5028,
  "gasUsed": 341610,
}
`;

exports[`Check Ownership Gas gas: does not check ownership after a seaport trade, one NFT 1`] = `
Object {
  "calldataByteLength": 2052,
  "gasUsed": 202513,
}
`;

exports[`Check Ownership Gas gas: just ownership check 1`] = `
Object {
  "calldataByteLength": 356,
  "gasUsed": 32964,
}
`;
