// Jest Snapshot v1, https://goo.gl/fbAQLP

exports[`Uniswap UX Tests: Comparisons Casual Swapper - 3 swaps Permit2 Max Approval Swap 1`] = `1184228`;

exports[`Uniswap UX Tests: Comparisons Casual Swapper - 3 swaps Permit2 Sign Per Swap 1`] = `1223428`;

exports[`Uniswap UX Tests: Comparisons Casual Swapper - 3 swaps SwapRouter02 1`] = `1172945`;

exports[`Uniswap UX Tests: Comparisons Frequent Swapper - 10 swaps Permit2 Max Approval Swap 1`] = `3295672`;

exports[`Uniswap UX Tests: Comparisons Frequent Swapper - 10 swaps Permit2 Sign Per Swap 1`] = `3469219`;

exports[`Uniswap UX Tests: Comparisons Frequent Swapper - 10 swaps SwapRouter02 1`] = `278117`;

exports[`Uniswap UX Tests: Comparisons Frequent Swapper across 3 swap router versions - 15 swaps across 3 versions Permit2 Max Approval Swap 1`] = `4397881`;

exports[`Uniswap UX Tests: Comparisons Frequent Swapper across 3 swap router versions - 15 swaps across 3 versions Permit2 Sign Per Swap 1`] = `4628272`;

exports[`Uniswap UX Tests: Comparisons Frequent Swapper across 3 swap router versions - 15 swaps across 3 versions SwapRouter02 1`] = `4470036`;

exports[`Uniswap UX Tests: Comparisons One Time Swapper - Complex Swap Permit2 Max Approval Swap 1`] = `543955`;

exports[`Uniswap UX Tests: Comparisons One Time Swapper - Complex Swap Permit2 Sign Per Swap 1`] = `544668`;

exports[`Uniswap UX Tests: Comparisons One Time Swapper - Complex Swap SwapRouter02 1`] = `520492`;

exports[`Uniswap UX Tests: Comparisons One Time Swapper - Simple Swap Permit2 Max Approval Swap 1`] = `314349`;

exports[`Uniswap UX Tests: Comparisons One Time Swapper - Simple Swap Permit2 Sign Per Swap 1`] = `314424`;

exports[`Uniswap UX Tests: Comparisons One Time Swapper - Simple Swap SwapRouter02 1`] = `278117`;

exports[`Uniswap UX Tests: Narwhal Estimates Approvals Cost for infinite approval of permit2/swaprouter02 contract 1`] = `
Object {
  "calldataByteLength": 68,
  "gasUsed": 60311,
}
`;
