// Jest Snapshot v1, https://goo.gl/fbAQLP

exports[`Uniswap UX Tests: Comparisons Casual Swapper - 3 swaps Permit2 Max Approval Swap 1`] = `1176174`;

exports[`Uniswap UX Tests: Comparisons Casual Swapper - 3 swaps Permit2 Sign Per Swap 1`] = `1214948`;

exports[`Uniswap UX Tests: Comparisons Casual Swapper - 3 swaps SwapRouter02 1`] = `1172945`;

exports[`Uniswap UX Tests: Comparisons Frequent Swapper - 10 swaps Permit2 Max Approval Swap 1`] = `3273294`;

exports[`Uniswap UX Tests: Comparisons Frequent Swapper - 10 swaps Permit2 Sign Per Swap 1`] = `3445033`;

exports[`Uniswap UX Tests: Comparisons Frequent Swapper - 10 swaps SwapRouter02 1`] = `278117`;

exports[`Uniswap UX Tests: Comparisons Frequent Swapper across 3 swap router versions - 15 swaps across 3 versions Permit2 Max Approval Swap 1`] = `4370033`;

exports[`Uniswap UX Tests: Comparisons Frequent Swapper across 3 swap router versions - 15 swaps across 3 versions Permit2 Sign Per Swap 1`] = `4598040`;

exports[`Uniswap UX Tests: Comparisons Frequent Swapper across 3 swap router versions - 15 swaps across 3 versions SwapRouter02 1`] = `4470036`;

exports[`Uniswap UX Tests: Comparisons One Time Swapper - Complex Swap Permit2 Max Approval Swap 1`] = `540339`;

exports[`Uniswap UX Tests: Comparisons One Time Swapper - Complex Swap Permit2 Sign Per Swap 1`] = `541040`;

exports[`Uniswap UX Tests: Comparisons One Time Swapper - Complex Swap SwapRouter02 1`] = `520492`;

exports[`Uniswap UX Tests: Comparisons One Time Swapper - Simple Swap Permit2 Max Approval Swap 1`] = `313150`;

exports[`Uniswap UX Tests: Comparisons One Time Swapper - Simple Swap Permit2 Sign Per Swap 1`] = `313201`;

exports[`Uniswap UX Tests: Comparisons One Time Swapper - Simple Swap SwapRouter02 1`] = `278117`;

exports[`Uniswap UX Tests: Narwhal Estimates Approvals Cost for infinite approval of permit2/swaprouter02 contract 1`] = `
Object {
  "calldataByteLength": 68,
  "gasUsed": 60311,
}
`;
