// Jest Snapshot v1, https://goo.gl/fbAQLP

exports[`Uniswap UX Tests gas: Comparisons Casual Swapper - 3 swaps Permit2 Max Approval Swap 1`] = `1175957`;

exports[`Uniswap UX Tests gas: Comparisons Casual Swapper - 3 swaps Permit2 Sign Per Swap 1`] = `1213952`;

exports[`Uniswap UX Tests gas: Comparisons Casual Swapper - 3 swaps SwapRouter02 1`] = `1172945`;

exports[`Uniswap UX Tests gas: Comparisons Frequent Swapper - 10 swaps Permit2 Max Approval Swap 1`] = `3273472`;

exports[`Uniswap UX Tests gas: Comparisons Frequent Swapper - 10 swaps Permit2 Sign Per Swap 1`] = `3441710`;

exports[`Uniswap UX Tests gas: Comparisons Frequent Swapper - 10 swaps SwapRouter02 1`] = `278117`;

exports[`Uniswap UX Tests gas: Comparisons Frequent Swapper across 3 swap router versions - 15 swaps across 3 versions Permit2 Max Approval Swap 1`] = `4369716`;

exports[`Uniswap UX Tests gas: Comparisons Frequent Swapper across 3 swap router versions - 15 swaps across 3 versions Permit2 Sign Per Swap 1`] = `4593027`;

exports[`Uniswap UX Tests gas: Comparisons Frequent Swapper across 3 swap router versions - 15 swaps across 3 versions SwapRouter02 1`] = `4470036`;

exports[`Uniswap UX Tests gas: Comparisons One Time Swapper - Complex Swap Permit2 Max Approval Swap 1`] = `540006`;

exports[`Uniswap UX Tests gas: Comparisons One Time Swapper - Complex Swap Permit2 Sign Per Swap 1`] = `540699`;

exports[`Uniswap UX Tests gas: Comparisons One Time Swapper - Complex Swap SwapRouter02 1`] = `520492`;

exports[`Uniswap UX Tests gas: Comparisons One Time Swapper - Simple Swap Permit2 Max Approval Swap 1`] = `312826`;

exports[`Uniswap UX Tests gas: Comparisons One Time Swapper - Simple Swap Permit2 Sign Per Swap 1`] = `312887`;

exports[`Uniswap UX Tests gas: Comparisons One Time Swapper - Simple Swap SwapRouter02 1`] = `278117`;

exports[`Uniswap UX Tests gas: Narwhal Estimates Approvals Cost for infinite approval of permit2/swaprouter02 contract 1`] = `
Object {
  "calldataByteLength": 68,
  "gasUsed": 60311,
}
`;
