// Jest Snapshot v1, https://goo.gl/fbAQLP

exports[`NFT UX Tests gas LooksRare Genie ETH -> 1 NFT 1`] = `
Object {
  "calldataByteLength": 1764,
  "gasUsed": 322798,
}
`;

exports[`NFT UX Tests gas LooksRare Genie ETH -> 2 NFTs 1`] = `
Object {
  "calldataByteLength": 2596,
  "gasUsed": 516080,
}
`;

exports[`NFT UX Tests gas LooksRare Genie ETH -> 4 NFTs 1`] = `
Object {
  "calldataByteLength": 4260,
  "gasUsed": 847145,
}
`;

exports[`NFT UX Tests gas LooksRare Universal Router ETH -> 1 NFT 1`] = `
Object {
  "calldataByteLength": 1316,
  "gasUsed": 260418,
}
`;

exports[`NFT UX Tests gas LooksRare Universal Router ETH -> 2 NFTs 1`] = `
Object {
  "calldataByteLength": 3556,
  "gasUsed": 660353,
}
`;

exports[`NFT UX Tests gas LooksRare Universal Router ETH -> 4 NFTs 1`] = `
Object {
  "calldataByteLength": 5796,
  "gasUsed": 940252,
}
`;

exports[`NFT UX Tests gas Seaport Genie ETH -> 1 NFT 1`] = `
Object {
  "calldataByteLength": 2436,
  "gasUsed": 236602,
}
`;

exports[`NFT UX Tests gas Seaport Genie ETH -> 4 NFTs 1`] = `
Object {
  "calldataByteLength": 8932,
  "gasUsed": 630466,
}
`;

exports[`NFT UX Tests gas Seaport Universal Router ETH -> 1 NFT 1`] = `
Object {
  "calldataByteLength": 2052,
  "gasUsed": 200173,
}
`;

exports[`NFT UX Tests gas Seaport Universal Router ETH -> 4 NFTs 1`] = `
Object {
  "calldataByteLength": 8548,
  "gasUsed": 542686,
}
`;
