// Jest Snapshot v1, https://goo.gl/fbAQLP

exports[`NFTX Gas Tests gas: buyAndRedeem w/ random selection 1`] = `
Object {
  "calldataByteLength": 676,
  "gasUsed": 496101,
}
`;

exports[`NFTX Gas Tests gas: buyAndRedeem w/ specific selection 1`] = `
Object {
  "calldataByteLength": 740,
  "gasUsed": 490886,
}
`;
