// Jest Snapshot v1, https://goo.gl/fbAQLP

exports[`Router Gas Tests gas: bytecode size 1`] = `14895`;

exports[`Router Gas Tests trading for NFTs gas: ERC20 --> ETH --> Seaport NFT 1`] = `
Object {
  "calldataByteLength": 2500,
  "gasUsed": 302999,
}
`;

exports[`Router Gas Tests trading for NFTs gas: ETH --> Seaport NFT 1`] = `
Object {
  "calldataByteLength": 2052,
  "gasUsed": 200368,
}
`;
