// Jest Snapshot v1, https://goo.gl/fbAQLP

exports[`Seaport Gas Tests ERC20 -> NFT gas: fufillAdvancedOrder with ERC20 1`] = `
Object {
  "calldataByteLength": 2756,
  "gasUsed": 275135,
}
`;

exports[`Seaport Gas Tests ERC20 -> NFT gas: fufillAdvancedOrder with ERC20 already approved 1`] = `
Object {
  "calldataByteLength": 2628,
  "gasUsed": 251119,
}
`;

exports[`Seaport Gas Tests ETH -> NFT gas: fulfillAdvancedOrder 1`] = `
Object {
  "calldataByteLength": 2052,
  "gasUsed": 198270,
}
`;

exports[`Seaport Gas Tests ETH -> NFT gas: fulfillAvailableAdvancedOrders 1 orders 1`] = `
Object {
  "calldataByteLength": 4708,
  "gasUsed": 324278,
}
`;
