// Jest Snapshot v1, https://goo.gl/fbAQLP

exports[`Seaport Gas Tests gas: fufillAdvancedOrder with ERC20 1`] = `
Object {
  "calldataByteLength": 2756,
  "gasUsed": 277171,
}
`;

exports[`Seaport Gas Tests gas: fulfillAdvancedOrder 1`] = `
Object {
  "calldataByteLength": 2052,
  "gasUsed": 198272,
}
`;

exports[`Seaport Gas Tests gas: fulfillAvailableAdvancedOrders 1 orders 1`] = `
Object {
  "calldataByteLength": 4708,
  "gasUsed": 324280,
}
`;
