// Jest Snapshot v1, https://goo.gl/fbAQLP

exports[`Sudoswap Gas Tests ERC20 -> NFT gas: purchases tokens 2402, 2509 of Based Ghoul with FRAX ERC20 token 1`] = `
Object {
  "calldataByteLength": 1508,
  "gasUsed": 311180,
}
`;

exports[`Sudoswap Gas Tests ETH -> NFT gas: purchases token ids 80, 35, 93 of Sudolets 1`] = `
Object {
  "calldataByteLength": 836,
  "gasUsed": 201517,
}
`;
