// Jest Snapshot v1, https://goo.gl/fbAQLP

exports[`Uniswap UX Tests: Comparisons Casual Swapper - 3 swaps Permit2 Max Approval Swap 1`] = `1188614`;

exports[`Uniswap UX Tests: Comparisons Casual Swapper - 3 swaps Permit2 Sign Per Swap 1`] = `1228441`;

exports[`Uniswap UX Tests: Comparisons Casual Swapper - 3 swaps SwapRouter02 1`] = `1172945`;

exports[`Uniswap UX Tests: Comparisons Frequent Swapper - 10 swaps Permit2 Max Approval Swap 1`] = `3307798`;

exports[`Uniswap UX Tests: Comparisons Frequent Swapper - 10 swaps Permit2 Sign Per Swap 1`] = `3483994`;

exports[`Uniswap UX Tests: Comparisons Frequent Swapper - 10 swaps SwapRouter02 1`] = `3320620`;

exports[`Uniswap UX Tests: Comparisons Frequent Swapper across 3 swap router versions - 15 swaps across 3 versions Permit2 Max Approval Swap 1`] = `4413634`;

exports[`Uniswap UX Tests: Comparisons Frequent Swapper across 3 swap router versions - 15 swaps across 3 versions Permit2 Sign Per Swap 1`] = `4647532`;

exports[`Uniswap UX Tests: Comparisons Frequent Swapper across 3 swap router versions - 15 swaps across 3 versions SwapRouter02 1`] = `4470036`;

exports[`Uniswap UX Tests: Comparisons One Time Swapper - Complex Swap Permit2 Max Approval Swap 1`] = `545968`;

exports[`Uniswap UX Tests: Comparisons One Time Swapper - Complex Swap Permit2 Sign Per Swap 1`] = `546726`;

exports[`Uniswap UX Tests: Comparisons One Time Swapper - Complex Swap SwapRouter02 1`] = `520492`;

exports[`Uniswap UX Tests: Comparisons One Time Swapper - Simple Swap Permit2 Max Approval Swap 1`] = `315231`;

exports[`Uniswap UX Tests: Comparisons One Time Swapper - Simple Swap Permit2 Sign Per Swap 1`] = `315321`;

exports[`Uniswap UX Tests: Comparisons One Time Swapper - Simple Swap SwapRouter02 1`] = `278117`;

exports[`Uniswap UX Tests: Narwhal Estimates Approvals Cost for infinite approval of permit2/swaprouter02 contract 1`] = `
Object {
  "calldataByteLength": 68,
  "gasUsed": 60311,
}
`;
