// Jest Snapshot v1, https://goo.gl/fbAQLP

exports[`Uniswap UX Tests gas: Approvals Cost for infinite approval of permit2/swaprouter02 contract 1`] = `
Object {
  "calldataByteLength": 68,
  "gasUsed": 60311,
}
`;

exports[`Uniswap UX Tests gas: Comparisons Casual Swapper - 3 swaps Permit2 Max Approval Swap 1`] = `1153820`;

exports[`Uniswap UX Tests gas: Comparisons Casual Swapper - 3 swaps Permit2 Sign Per Swap 1`] = `1188154`;

exports[`Uniswap UX Tests gas: Comparisons Casual Swapper - 3 swaps SwapRouter02 1`] = `1172945`;

exports[`Uniswap UX Tests gas: Comparisons Frequent Swapper - 10 swaps Permit2 Max Approval Swap 1`] = `3214600`;

exports[`Uniswap UX Tests gas: Comparisons Frequent Swapper - 10 swaps Permit2 Sign Per Swap 1`] = `3367805`;

exports[`Uniswap UX Tests gas: Comparisons Frequent Swapper - 10 swaps SwapRouter02 1`] = `3320620`;

exports[`Uniswap UX Tests gas: Comparisons Frequent Swapper across 3 swap router versions - 15 swaps across 3 versions Permit2 Max Approval Swap 1`] = `4296816`;

exports[`Uniswap UX Tests gas: Comparisons Frequent Swapper across 3 swap router versions - 15 swaps across 3 versions Permit2 Sign Per Swap 1`] = `4500302`;

exports[`Uniswap UX Tests gas: Comparisons Frequent Swapper across 3 swap router versions - 15 swaps across 3 versions SwapRouter02 1`] = `4470036`;

exports[`Uniswap UX Tests gas: Comparisons One Time Swapper - Complex Swap Permit2 Max Approval Swap 1`] = `529364`;

exports[`Uniswap UX Tests gas: Comparisons One Time Swapper - Complex Swap Permit2 Sign Per Swap 1`] = `529682`;

exports[`Uniswap UX Tests gas: Comparisons One Time Swapper - Complex Swap SwapRouter02 1`] = `520492`;

exports[`Uniswap UX Tests gas: Comparisons One Time Swapper - Simple Swap Permit2 Max Approval Swap 1`] = `309187`;

exports[`Uniswap UX Tests gas: Comparisons One Time Swapper - Simple Swap Permit2 Sign Per Swap 1`] = `309123`;

exports[`Uniswap UX Tests gas: Comparisons One Time Swapper - Simple Swap SwapRouter02 1`] = `278117`;
