// Jest Snapshot v1, https://goo.gl/fbAQLP

exports[`UniversalRouter Gas Tests gas: bytecode size 1`] = `16466`;

exports[`UniversalRouter Gas Tests trading for NFTs gas: ERC20 --> ETH --> Seaport NFT 1`] = `
Object {
  "calldataByteLength": 2468,
  "gasUsed": 252095,
}
`;

exports[`UniversalRouter Gas Tests trading for NFTs gas: ETH --> Seaport NFT 1`] = `
Object {
  "calldataByteLength": 2020,
  "gasUsed": 152034,
}
`;

exports[`UniversalRouter Gas Tests trading for NFTs gas: WETH --> ETH --> Seaport NFT 1`] = `
Object {
  "calldataByteLength": 2308,
  "gasUsed": 186793,
}
`;
