// Jest Snapshot v1, https://goo.gl/fbAQLP

exports[`V3 to V4 Migration Gas Tests V3 Commands burn gas: erc721permit + decreaseLiquidity + collect + burn 1`] = `
Object {
  "calldataByteLength": 1092,
  "gasUsed": 256278,
}
`;

exports[`V3 to V4 Migration Gas Tests V3 Commands collect gas: erc721permit + decreaseLiquidity + collect 1`] = `
Object {
  "calldataByteLength": 964,
  "gasUsed": 223926,
}
`;

exports[`V3 to V4 Migration Gas Tests V3 Commands decrease liquidity gas: erc721permit + decreaseLiquidity 1`] = `
Object {
  "calldataByteLength": 740,
  "gasUsed": 202194,
}
`;

exports[`V3 to V4 Migration Gas Tests V3 Commands erc721permit gas: erc721permit 1`] = `
Object {
  "calldataByteLength": 484,
  "gasUsed": 66034,
}
`;

exports[`V3 to V4 Migration Gas Tests V4 Commands increase gas: increase 1`] = `
Object {
  "calldataByteLength": 2308,
  "gasUsed": 222909,
}
`;

exports[`V3 to V4 Migration Gas Tests V4 Commands increase gas: migrate and increase 1`] = `
Object {
  "calldataByteLength": 3204,
  "gasUsed": 448795,
}
`;

exports[`V3 to V4 Migration Gas Tests V4 Commands mint gas: migrate and mint 1`] = `
Object {
  "calldataByteLength": 2500,
  "gasUsed": 554776,
}
`;

exports[`V3 to V4 Migration Gas Tests V4 Commands mint gas: migrate weth position into eth position with forwarding 1`] = `
Object {
  "calldataByteLength": 2788,
  "gasUsed": 575070,
}
`;

exports[`V3 to V4 Migration Gas Tests V4 Commands mint gas: mint 1`] = `
Object {
  "calldataByteLength": 1604,
  "gasUsed": 392397,
}
`;
